// Jest Snapshot v1, https://goo.gl/fbAQLP

exports[`GlobalId check type 1`] = `"invalid global type"`;
